// Jest Snapshot v1, https://goo.gl/fbAQLP

exports[`Search Form Component match snapshot 1`] = `
<div
  data-testid="searchForm"
  style={
    Object {
      "padding": 20,
    }
  }
>
  <form
    className=""
    onSubmit={[Function]}
  >
    <div
      className="mb-3"
    >
      <div
        className="input-group"
      >
        <input
          className="form-control"
          data-testid="searchInput"
          id="searchText"
          name="searchText"
          onBlur={[Function]}
          onChange={[Function]}
          placeholder="Search"
          type="text"
        />
        <button
          className="btn btn-outline-secondary"
          disabled={false}
          id="button-addon2"
          onClick={[Function]}
          type="button"
        >
          Clear
        </button>
      </div>
      <div
        className="invalid-feedback"
      />
    </div>
    <div
      style={
        Object {
          "display": "flex",
          "justifyContent": "space-between",
        }
      }
    >
      <div
        className="mb-3"
      >
        <div
          className="form-check"
        >
          <input
            checked={false}
            className="form-check-input"
            disabled={false}
            id="muti"
            name="multi"
            onBlur={[Function]}
            onChange={[Function]}
            type="checkbox"
          />
          <label
            className="form-check-label"
            htmlFor="muti"
            title=""
          >
            All media types
          </label>
        </div>
      </div>
      <button
        className="btn btn-light btn-sm"
        disabled={false}
        type="submit"
      >
         
        <img
          className=""
          src="window.png"
          width={20}
        />
      </button>
    </div>
  </form>
</div>
`;
